<?xml version="1.0" encoding="UTF-8"?>
<testsuites name="Mocha Tests" time="0.001" tests="1" failures="0">
  <testsuite name="Root Suite" timestamp="2019-03-08T18:56:55" tests="0" failures="0" time="0">
  </testsuite>
  <testsuite name="Calculate sum" timestamp="2019-03-08T18:56:55" tests="0" file="C:\Users\govrg\github\awsnode\test\schemaLogin.test.js" failures="0" time="0">
  </testsuite>
  <testsuite name="2+1=3" timestamp="2019-03-08T18:56:55" tests="1" file="C:\Users\govrg\github\awsnode\test\schemaLogin.test.js" failures="0" time="0.001">
    <testcase name="Calculate sum 2+1=3 sum 1 and 2" time="0.001" classname="sum 1 and 2">
    </testcase>
  </testsuite>
</testsuites>